// Jest Snapshot v1, https://goo.gl/fbAQLP

exports[`FormCreateUser renders 1`] = `
<div>
  <dialog
    class="modal"
  >
    <section
      class="modal__header"
    >
      <div
        class="modal__header--icon"
      >
        <div
          class="undefined pointer-cursor"
        />
      </div>
      <h2>
        Créer un utilisateur
      </h2>
    </section>
    <section
      class="modal__container"
    >
      <form
        class="form-create-user"
      >
        <div
          class="input-container"
        >
          <label
            class="label"
          >
            Nom d'utilisateurs
          </label>
          <input
            class="input "
            placeholder="Nom d'utilisateurs"
            type="text"
            value=""
          />
        </div>
        <div
          class="input-container"
        >
          <label
            class="label"
          >
            Mot de passe
          </label>
          <input
            class="input "
            placeholder="Mot de passe"
            type="password"
            value=""
          />
          <div
            class="iconContainer"
          >
            <div
              class="undefined "
            />
          </div>
        </div>
        <div
          class="input-container"
        >
          <label
            class="label"
          >
            user.database
          </label>
          <input
            class="input "
            placeholder="user.database"
            type="text"
            value=""
          />
        </div>
        <div
          class="container"
        >
          <label>
            Rôles
          </label>
          <select
            class="select "
          >
            <option
              disabled=""
              value=""
            >
              Choisir
            </option>
            <option
              value="read"
            >
              Lecture seule
            </option>
            <option
              value="readWrite"
            >
              Lecture et écriture
            </option>
            <option
              value="dbAdmin"
            >
              Administrateur de base de données
            </option>
            <option
              value="dbOwner"
            >
              Propriétaire de la base de données
            </option>
            <option
              value="userAdmin"
            >
              Administrateur d'utilisateur
            </option>
            <option
              value="clusterAdmin"
            >
              Administrateur de cluster
            </option>
            <option
              value="backup"
            >
              Sauvegarde
            </option>
            <option
              value="root"
            >
              Superutilisateur
            </option>
          </select>
          <div
            class="iconContainer"
          >
            <div
              class="undefined "
            />
          </div>
        </div>
      </form>
    </section>
    <section
      class="modal__footer"
    >
      <button
        class="button full outline center"
        type="button"
      >
        Annuler
      </button>
      <button
        class="button full center"
        disabled=""
        type="submit"
      >
        Créer
      </button>
    </section>
  </dialog>
</div>
`;
