// Jest Snapshot v1, https://goo.gl/fbAQLP

exports[`Checkbox renders 1`] = `
<div>
  <div
    class="container"
  >
    <label
      class="label"
    >
      <input
        checked=""
        class="input "
        type="checkbox"
      />
      form checkbox
    </label>
  </div>
</div>
`;
