// Jest Snapshot v1, https://goo.gl/fbAQLP

exports[`CollectionsList renders 1`] = `
<div>
  <ul
    class="collection_list"
  >
    <li
      class="item "
    >
      mock1
    </li>
    <li
      class="item "
    >
      mock2
    </li>
  </ul>
</div>
`;
