// Jest Snapshot v1, https://goo.gl/fbAQLP

exports[`GenericButton renders 1`] = `
<div>
  <button
    class="button full"
    type="button"
  >
    Generic button
  </button>
</div>
`;
